================================================================================
CONCOST CLAIM CENTER REPORT STUDIO - PHASE P04 QUALITY & SECURITY GATES EXECUTION LOG
================================================================================
Timestamp: 2026-08-06T05:41:05Z
Branch: feat/P04-db-auth-permissions-audit
Workspace: E:\■ 개발_TF팀\클레임센터 보고서 스튜디오

[GATE 01/11] pnpm install --frozen-lockfile
--------------------------------------------------------------------------------
> npx --yes pnpm@9.15.0 install --frozen-lockfile
Scope: all 5 workspace projects
Lockfile is up to date, resolution step is skipped
Already up to date
✓ Gate 01: PASS

[GATE 02/11] pnpm db:reset
--------------------------------------------------------------------------------
> npx --yes pnpm@9.15.0 db:reset
> pnpm --filter @claim-studio/database db:reset
✓ Database reset successfully.
✓ Gate 02: PASS

[GATE 03/11] pnpm db:migrate
--------------------------------------------------------------------------------
> npx --yes pnpm@9.15.0 db:migrate
> pnpm --filter @claim-studio/database db:migrate
✓ Database schema migrated successfully.
✓ Gate 03: PASS

[GATE 04/11] pnpm db:seed
--------------------------------------------------------------------------------
> npx --yes pnpm@9.15.0 db:seed
> pnpm --filter @claim-studio/database db:seed
✓ Database seeded successfully with synthetic data (ORG-SYN-A, ORG-SYN-B).
✓ Gate 04: PASS

[GATE 05/11] pnpm lint
--------------------------------------------------------------------------------
> npx --yes pnpm@9.15.0 lint
✓ TypeScript strict type check PASSED.
✓ ESLint static code analysis PASSED (0 warnings).
✓ JSON valid for all monorepo configs.
✓ Gate 05: PASS

[GATE 06/11] pnpm typecheck
--------------------------------------------------------------------------------
> npx --yes pnpm@9.15.0 typecheck
> tsc --noEmit
✓ Gate 06: PASS

[GATE 07/11] pnpm test
--------------------------------------------------------------------------------
> npx --yes pnpm@9.15.0 test
✔ P00 Harness Directory Skeleton Verification
✔ P00 Essential Harness Files Verification
✔ P01 Exhaustive Traceability & Reference Inventory Tamper-Proof Assertion
✔ P02 Stitch UX/UI Design 20 Screens & 3-Pane Assertions
✔ P03 App Shell, Design System, 20 Routes & Reviewer RBAC Guard Assertions
✔ P04 Database Schema, Deterministic Seed & Append-Only AuditLog Triggers Assertions
✔ P04 Backend API Security, IDOR, Reviewer RBAC & Concurrency Assertions
✔ P04 Manifest Integrity & Self-Assessment Assertions
✔ Phase Status Machine Integration
ℹ tests 9, pass 9, fail 0
✓ Gate 07: PASS

[GATE 08/11] pnpm build
--------------------------------------------------------------------------------
> npx --yes pnpm@9.15.0 build
✓ Built UI package, API backend server, Database package & Production Web bundle.
✓ Gate 08: PASS

[GATE 09/11] pnpm test:e2e
--------------------------------------------------------------------------------
> npx --yes pnpm@9.15.0 test:e2e
✔ 9 tests passed.
✓ Gate 09: PASS

[GATE 10/11] pnpm test:security
--------------------------------------------------------------------------------
> npx --yes pnpm@9.15.0 test:security
✔ 9 tests passed (DB Append-Only, Opaque Token, IDOR 403, Reviewer RBAC 403, Optimistic Locking 409).
✓ Gate 10: PASS

[GATE 11/11] pnpm audit --audit-level high
--------------------------------------------------------------------------------
> npx --yes pnpm@9.15.0 audit --audit-level high
No known vulnerabilities found
✓ Gate 11: PASS

================================================================================
ALL 11 QUALITY & SECURITY GATES PASSED (100% PASS)
================================================================================
